[www.novecore.com/index.html]
[backblue.gif]
[fade.gif]
[index.html]
[www.novecore.com/cdn-cgi/apps/head/rNCF8J11PyqXRYLNYDXQ1nY0Srs.js]
[www.novecore.com/css/novecore.css]
[www.novecore.com/cdn-cgi/challenge-platform/h/b/scripts/invisibleec93.js]
[www.novecore.com/img/apple-music.svg]
[www.novecore.com/img/deezer.svg]
[www.novecore.com/img/amazon-music.svg]
[www.novecore.com/img/soundcloud.svg]
[www.novecore.com/img/youtube-music.svg]
[www.novecore.com/img/pandora.svg]
[www.novecore.com/img/collage-1.webp]
[www.novecore.com/img/collage-2.webp]
[www.novecore.com/img/insights.svg]
[www.novecore.com/img/fast-distribution.svg]
[www.novecore.com/img/regular-payments.svg]
[www.novecore.com/img/copyright-protection.svg]
[www.novecore.com/img/vevo.svg]
[www.novecore.com/img/dashboard-dark.webp]
[www.novecore.com/img/artist-1.jpg]
[www.novecore.com/img/artist-2.jpg]
[www.novecore.com/img/artist-3.jpg]
[www.novecore.com/img/artist-4.jpg]
[www.novecore.com/img/artist-5.jpg]
[www.novecore.com/img/artist-6.jpg]
[www.novecore.com/js/three.min.js]
[www.novecore.com/tos.html]
[www.novecore.com/privacy.html]
[www.novecore.com/cookies.html]
[www.novecore.com/img/fb-logo.svg]
[www.novecore.com/img/ig-logo.svg]
[www.novecore.com/img/tw-logo.svg]
[www.novecore.com/img/yt-logo.svg]
[cdn.jsdelivr.net/npm/bootstrap@5.1.3/dist/js/bootstrap.bundle.min.js]
[www.novecore.com/index.html]
[www.novecore.com/cdn-cgi/scripts/7d0fa10a/cloudflare-static/rocket-loader.min.js]
[www.novecore.com/img/navbar-toggle.svg]
[www.novecore.com/img/play.svg]
[www.novecore.com/img/spotify-textwall.svg]
[www.novecore.com/img/soundcloud-textwall.svg]
[www.novecore.com/img/deezer-textwall.svg]
[www.novecore.com/img/apple-music-textwall.svg]
[www.novecore.com/img/pandora-textwall.svg]
[www.novecore.com/img/amazon-music-textwall.svg]
[www.novecore.com/img/many-more-textwall.svg]
[www.novecore.com/img/list-icon-1.svg]
[www.novecore.com/img/list-icon-2.svg]
[www.novecore.com/img/list-icon-3.svg]
[www.novecore.com/img/lines.svg]
[www.novecore.com/css/novecore.css]
[www.novecore.com/img/apple-music.svg]
[www.novecore.com/img/deezer.svg]
[www.novecore.com/img/amazon-music.svg]
[www.novecore.com/img/soundcloud.svg]
[www.novecore.com/img/youtube-music.svg]
[www.novecore.com/img/pandora.svg]
[www.novecore.com/img/insights.svg]
[www.novecore.com/img/fast-distribution.svg]
[www.novecore.com/img/regular-payments.svg]
[www.novecore.com/img/copyright-protection.svg]
[www.novecore.com/img/vevo.svg]
[www.novecore.com/cdn-cgi/l/email-protection.html]
[www.novecore.com/privacy]
[www.novecore.com/cookies]
[www.novecore.com/tos.html]
[www.novecore.com/privacy.html]
[www.novecore.com/cookies.html]
[www.novecore.com/img/fb-logo.svg]
[www.novecore.com/img/ig-logo.svg]
[www.novecore.com/img/tw-logo.svg]
[www.novecore.com/img/yt-logo.svg]
[www.novecore.com/img/navbar-toggle.svg]
[www.novecore.com/img/play.svg]
[www.novecore.com/img/spotify-textwall.svg]
[www.novecore.com/img/soundcloud-textwall.svg]
[www.novecore.com/img/deezer-textwall.svg]
[www.novecore.com/img/apple-music-textwall.svg]
[www.novecore.com/img/pandora-textwall.svg]
[www.novecore.com/img/amazon-music-textwall.svg]
[www.novecore.com/img/many-more-textwall.svg]
[www.novecore.com/img/list-icon-1.svg]
[www.novecore.com/img/list-icon-2.svg]
[www.novecore.com/img/list-icon-3.svg]
[www.novecore.com/img/lines.svg]
[www.novecore.com/cdn-cgi/l/email-protection.html]
[www.novecore.com/privacy-2.html]
[www.novecore.com/cookies-2.html]
[www.novecore.com/cdn-cgi/scripts/5c5dd728/cloudflare-static/email-decode.min.js]
